// Jest Snapshot v1, https://goo.gl/fbAQLP

exports[`it shallow mounts the component 1`] = `ReactWrapper {}`;
