// Jest Snapshot v1, https://goo.gl/fbAQLP

exports[`renders snapshot 1`] = `
<div
  className="MuiPaper-root MuiPaper-elevation3 MuiPaper-rounded"
  style={
    Object {
      "marginTop": "1%",
    }
  }
>
  <nav
    aria-label="mailbox folders"
    className="MuiList-root ListView-root-1 MuiList-padding"
  >
    <div>
      <li
        className="MuiListItem-root list-item MuiListItem-gutters MuiListItem-alignItemsFlexStart"
        disabled={false}
      >
        <div
          className="ListView-listItemAvatar-3"
        >
          <div
            className="ListView-listItemPoints-4"
          >
            1
          </div>
          <div>
            Points
          </div>
        </div>
        <div
          className="ListView-listItemContainer-2"
        >
          <div
            className="MuiTypography-root MuiTypography-body1"
          >
            <a
              className="ListView-listItemHeader-5"
              href="myUrl"
              target="_blank"
            >
              sample
            </a>
          </div>
          <div
            style={
              Object {
                "display": "flex",
                "flexDirection": "row",
              }
            }
          >
            <span
              className="ListView-newsMetaData-6"
              style={
                Object {
                  "marginRight": "10px",
                }
              }
            >
              <svg
                aria-hidden={true}
                className="MuiSvgIcon-root ListView-icon-7"
                focusable="false"
                viewBox="0 0 24 24"
              >
                <path
                  d="M12 6c1.1 0 2 .9 2 2s-.9 2-2 2-2-.9-2-2 .9-2 2-2m0 10c2.7 0 5.8 1.29 6 2H6c.23-.72 3.31-2 6-2m0-12C9.79 4 8 5.79 8 8s1.79 4 4 4 4-1.79 4-4-1.79-4-4-4zm0 10c-2.67 0-8 1.34-8 4v2h16v-2c0-2.66-5.33-4-8-4z"
                />
              </svg>
                
              ABC
            </span>
            <span
              className="ListView-newsMetaData-6"
            >
              <svg
                aria-hidden={true}
                className="MuiSvgIcon-root ListView-icon-7"
                focusable="false"
                viewBox="0 0 24 24"
              >
                <path
                  d="M11.99 2C6.47 2 2 6.48 2 12s4.47 10 9.99 10C17.52 22 22 17.52 22 12S17.52 2 11.99 2zM12 20c-4.42 0-8-3.58-8-8s3.58-8 8-8 8 3.58 8 8-3.58 8-8 8z"
                />
                <path
                  d="M12.5 7H11v6l5.25 3.15.75-1.23-4.5-2.67z"
                />
              </svg>
                
              abc
            </span>
          </div>
        </div>
      </li>
      <hr
        className="MuiDivider-root"
      />
    </div>
    <div>
      <li
        className="MuiListItem-root list-item MuiListItem-gutters MuiListItem-alignItemsFlexStart"
        disabled={false}
      >
        <div
          className="ListView-listItemAvatar-3"
        >
          <div
            className="ListView-listItemPoints-4"
          >
            1
          </div>
          <div>
            Points
          </div>
        </div>
        <div
          className="ListView-listItemContainer-2"
        >
          <div
            className="MuiTypography-root MuiTypography-body1"
          >
            <a
              className="ListView-listItemHeader-5"
              href="myUrl"
              target="_blank"
            >
              sample
            </a>
          </div>
          <div
            style={
              Object {
                "display": "flex",
                "flexDirection": "row",
              }
            }
          >
            <span
              className="ListView-newsMetaData-6"
              style={
                Object {
                  "marginRight": "10px",
                }
              }
            >
              <svg
                aria-hidden={true}
                className="MuiSvgIcon-root ListView-icon-7"
                focusable="false"
                viewBox="0 0 24 24"
              >
                <path
                  d="M12 6c1.1 0 2 .9 2 2s-.9 2-2 2-2-.9-2-2 .9-2 2-2m0 10c2.7 0 5.8 1.29 6 2H6c.23-.72 3.31-2 6-2m0-12C9.79 4 8 5.79 8 8s1.79 4 4 4 4-1.79 4-4-1.79-4-4-4zm0 10c-2.67 0-8 1.34-8 4v2h16v-2c0-2.66-5.33-4-8-4z"
                />
              </svg>
                
              ABC
            </span>
            <span
              className="ListView-newsMetaData-6"
            >
              <svg
                aria-hidden={true}
                className="MuiSvgIcon-root ListView-icon-7"
                focusable="false"
                viewBox="0 0 24 24"
              >
                <path
                  d="M11.99 2C6.47 2 2 6.48 2 12s4.47 10 9.99 10C17.52 22 22 17.52 22 12S17.52 2 11.99 2zM12 20c-4.42 0-8-3.58-8-8s3.58-8 8-8 8 3.58 8 8-3.58 8-8 8z"
                />
                <path
                  d="M12.5 7H11v6l5.25 3.15.75-1.23-4.5-2.67z"
                />
              </svg>
                
              abc
            </span>
          </div>
        </div>
      </li>
      <hr
        className="MuiDivider-root"
      />
    </div>
  </nav>
</div>
`;
